// Jest Snapshot v1, https://goo.gl/fbAQLP

exports[`Ratings component test casses should match the default snapshot 1`] = `ReactWrapper {}`;
