// Jest Snapshot v1, https://goo.gl/fbAQLP

exports[`Testing side nav component should match the default snapshot 1`] = `ShallowWrapper {}`;
