// Jest Snapshot v1, https://goo.gl/fbAQLP

exports[`Testing books component should match the default snapshot 1`] = `ReactWrapper {}`;
