// Jest Snapshot v1, https://goo.gl/fbAQLP

exports[`renders the correct snapshot 1`] = `ReactWrapper {}`;

exports[`testing add address renders the correct snapshot 1`] = `ReactWrapper {}`;
