// Jest Snapshot v1, https://goo.gl/fbAQLP

exports[`testing check out should load the correct snapshot 1`] = `ShallowWrapper {}`;
