// Jest Snapshot v1, https://goo.gl/fbAQLP

exports[`Profile orders [parent] component test casses should match the snapshot 1`] = `ShallowWrapper {}`;
