// Jest Snapshot v1, https://goo.gl/fbAQLP

exports[`Address item component test casses should match the deafult snapshot 1`] = `ReactWrapper {}`;
