// Jest Snapshot v1, https://goo.gl/fbAQLP

exports[`should match the default snapshot 1`] = `ReactWrapper {}`;
