// Jest Snapshot v1, https://goo.gl/fbAQLP

exports[`Book item component test casses should match the default snapshot 1`] = `ReactWrapper {}`;
