// Jest Snapshot v1, https://goo.gl/fbAQLP

exports[`Profile address component test casses when an api call is made when request fails should match the error snapshot 1`] = `ReactWrapper {}`;

exports[`Profile address component test casses when an api call is made when request is success should match the success snapshot 1`] = `ReactWrapper {}`;

exports[`Profile address component test casses when an api call is made while loading should match the default loading snapshot 1`] = `ReactWrapper {}`;
