// Jest Snapshot v1, https://goo.gl/fbAQLP

exports[`Address item component test casses should match the default snapshot 1`] = `ShallowWrapper {}`;
